test_message
test_message
test_message
test_message
